2026-03-01 21:47:55.712 [org.springframework.kafka.KafkaListenerEndpointContainer#0-0-C-1] [39mDEBUG[0;39m [36morg.hibernate.SQL[0;39m - 
    select
        b1_0.booking_id 
    from
        bookings b1_0 
    where
        b1_0.booking_id=? 
    fetch
        first ? rows only
2026-03-01 21:47:55.854 [org.springframework.kafka.KafkaListenerEndpointContainer#0-0-C-1] [39mDEBUG[0;39m [36morg.hibernate.SQL[0;39m - 
    select
        b1_0.booking_id,
        b1_0.addons_total,
        b1_0.confirmed_at,
        b1_0.created_at,
        b1_0.end_time,
        b1_0.experience_id,
        b1_0.experience_name,
        b1_0.experience_slug,
        b1_0.failure_reason,
        b1_0.grand_total,
        b1_0.guest_count,
        b1_0.location_id,
        b1_0.location_name,
        b1_0.pincode,
        b1_0.pricing_level,
        b1_0.requested_at,
        b1_0.resolved_price_per_person,
        b1_0.start_time,
        b1_0.status,
        b1_0.time_slot_id,
        b1_0.time_slot_label,
        b1_0.time_slot_mapper_id,
        b1_0.total_amount,
        b1_0.updated_at,
        b1_0.user_email,
        b1_0.user_full_name,
        b1_0.user_id,
        a1_0.booking_id,
        a1_0.id,
        a1_0.addon_mapper_id,
        a1_0.addon_name,
        a1_0.effective_price,
        a1_0.is_free 
    from
        bookings b1_0 
    left join
        booking_addons a1_0 
            on b1_0.booking_id=a1_0.booking_id 
    where
        b1_0.booking_id=?
2026-03-01 21:47:56.278 [org.springframework.kafka.KafkaListenerEndpointContainer#0-0-C-1] [39mDEBUG[0;39m [36morg.hibernate.SQL[0;39m - 
    insert 
    into
        bookings
        (addons_total,confirmed_at,created_at,end_time,experience_id,experience_name,experience_slug,failure_reason,grand_total,guest_count,location_id,location_name,pincode,pricing_level,requested_at,resolved_price_per_person,start_time,status,time_slot_id,time_slot_label,time_slot_mapper_id,total_amount,updated_at,user_email,user_full_name,user_id,booking_id) 
    values
        (?,?,?,?,?,?,?,?,?,?,?,?,?,?,?,?,?,?,?,?,?,?,?,?,?,?,?)
2026-03-01 22:19:08.877 [org.springframework.kafka.KafkaListenerEndpointContainer#0-0-C-1] [39mDEBUG[0;39m [36morg.hibernate.SQL[0;39m - 
    select
        b1_0.booking_id 
    from
        bookings b1_0 
    where
        b1_0.booking_id=? 
    fetch
        first ? rows only
2026-03-01 22:19:09.014 [org.springframework.kafka.KafkaListenerEndpointContainer#0-0-C-1] [39mDEBUG[0;39m [36morg.hibernate.SQL[0;39m - 
    select
        b1_0.booking_id 
    from
        bookings b1_0 
    where
        b1_0.booking_id=? 
    fetch
        first ? rows only
2026-03-01 22:19:09.018 [org.springframework.kafka.KafkaListenerEndpointContainer#0-0-C-1] [39mDEBUG[0;39m [36morg.hibernate.SQL[0;39m - 
    select
        b1_0.booking_id,
        b1_0.addons_total,
        b1_0.confirmed_at,
        b1_0.created_at,
        b1_0.end_time,
        b1_0.experience_id,
        b1_0.experience_name,
        b1_0.experience_slug,
        b1_0.failure_reason,
        b1_0.grand_total,
        b1_0.guest_count,
        b1_0.location_id,
        b1_0.location_name,
        b1_0.pincode,
        b1_0.pricing_level,
        b1_0.requested_at,
        b1_0.resolved_price_per_person,
        b1_0.start_time,
        b1_0.status,
        b1_0.time_slot_id,
        b1_0.time_slot_label,
        b1_0.time_slot_mapper_id,
        b1_0.total_amount,
        b1_0.updated_at,
        b1_0.user_email,
        b1_0.user_full_name,
        b1_0.user_id,
        a1_0.booking_id,
        a1_0.id,
        a1_0.addon_mapper_id,
        a1_0.addon_name,
        a1_0.effective_price,
        a1_0.is_free 
    from
        bookings b1_0 
    left join
        booking_addons a1_0 
            on b1_0.booking_id=a1_0.booking_id 
    where
        b1_0.booking_id=?
2026-03-01 22:19:09.037 [org.springframework.kafka.KafkaListenerEndpointContainer#0-0-C-1] [39mDEBUG[0;39m [36morg.hibernate.SQL[0;39m - 
    insert 
    into
        bookings
        (addons_total,confirmed_at,created_at,end_time,experience_id,experience_name,experience_slug,failure_reason,grand_total,guest_count,location_id,location_name,pincode,pricing_level,requested_at,resolved_price_per_person,start_time,status,time_slot_id,time_slot_label,time_slot_mapper_id,total_amount,updated_at,user_email,user_full_name,user_id,booking_id) 
    values
        (?,?,?,?,?,?,?,?,?,?,?,?,?,?,?,?,?,?,?,?,?,?,?,?,?,?,?)
2026-03-01 22:19:09.055 [org.springframework.kafka.KafkaListenerEndpointContainer#0-0-C-1] [39mDEBUG[0;39m [36morg.hibernate.SQL[0;39m - 
    select
        b1_0.booking_id 
    from
        bookings b1_0 
    where
        b1_0.booking_id=? 
    fetch
        first ? rows only
2026-03-01 22:19:09.059 [org.springframework.kafka.KafkaListenerEndpointContainer#0-0-C-1] [39mDEBUG[0;39m [36morg.hibernate.SQL[0;39m - 
    select
        b1_0.booking_id,
        b1_0.addons_total,
        b1_0.confirmed_at,
        b1_0.created_at,
        b1_0.end_time,
        b1_0.experience_id,
        b1_0.experience_name,
        b1_0.experience_slug,
        b1_0.failure_reason,
        b1_0.grand_total,
        b1_0.guest_count,
        b1_0.location_id,
        b1_0.location_name,
        b1_0.pincode,
        b1_0.pricing_level,
        b1_0.requested_at,
        b1_0.resolved_price_per_person,
        b1_0.start_time,
        b1_0.status,
        b1_0.time_slot_id,
        b1_0.time_slot_label,
        b1_0.time_slot_mapper_id,
        b1_0.total_amount,
        b1_0.updated_at,
        b1_0.user_email,
        b1_0.user_full_name,
        b1_0.user_id,
        a1_0.booking_id,
        a1_0.id,
        a1_0.addon_mapper_id,
        a1_0.addon_name,
        a1_0.effective_price,
        a1_0.is_free 
    from
        bookings b1_0 
    left join
        booking_addons a1_0 
            on b1_0.booking_id=a1_0.booking_id 
    where
        b1_0.booking_id=?
2026-03-01 22:19:09.068 [org.springframework.kafka.KafkaListenerEndpointContainer#0-0-C-1] [39mDEBUG[0;39m [36morg.hibernate.SQL[0;39m - 
    insert 
    into
        bookings
        (addons_total,confirmed_at,created_at,end_time,experience_id,experience_name,experience_slug,failure_reason,grand_total,guest_count,location_id,location_name,pincode,pricing_level,requested_at,resolved_price_per_person,start_time,status,time_slot_id,time_slot_label,time_slot_mapper_id,total_amount,updated_at,user_email,user_full_name,user_id,booking_id) 
    values
        (?,?,?,?,?,?,?,?,?,?,?,?,?,?,?,?,?,?,?,?,?,?,?,?,?,?,?)
2026-03-01 22:19:09.087 [org.springframework.kafka.KafkaListenerEndpointContainer#0-0-C-1] [39mDEBUG[0;39m [36morg.hibernate.SQL[0;39m - 
    select
        b1_0.booking_id 
    from
        bookings b1_0 
    where
        b1_0.booking_id=? 
    fetch
        first ? rows only
2026-03-01 22:19:09.090 [org.springframework.kafka.KafkaListenerEndpointContainer#0-0-C-1] [39mDEBUG[0;39m [36morg.hibernate.SQL[0;39m - 
    select
        b1_0.booking_id,
        b1_0.addons_total,
        b1_0.confirmed_at,
        b1_0.created_at,
        b1_0.end_time,
        b1_0.experience_id,
        b1_0.experience_name,
        b1_0.experience_slug,
        b1_0.failure_reason,
        b1_0.grand_total,
        b1_0.guest_count,
        b1_0.location_id,
        b1_0.location_name,
        b1_0.pincode,
        b1_0.pricing_level,
        b1_0.requested_at,
        b1_0.resolved_price_per_person,
        b1_0.start_time,
        b1_0.status,
        b1_0.time_slot_id,
        b1_0.time_slot_label,
        b1_0.time_slot_mapper_id,
        b1_0.total_amount,
        b1_0.updated_at,
        b1_0.user_email,
        b1_0.user_full_name,
        b1_0.user_id,
        a1_0.booking_id,
        a1_0.id,
        a1_0.addon_mapper_id,
        a1_0.addon_name,
        a1_0.effective_price,
        a1_0.is_free 
    from
        bookings b1_0 
    left join
        booking_addons a1_0 
            on b1_0.booking_id=a1_0.booking_id 
    where
        b1_0.booking_id=?
2026-03-01 22:19:09.098 [org.springframework.kafka.KafkaListenerEndpointContainer#0-0-C-1] [39mDEBUG[0;39m [36morg.hibernate.SQL[0;39m - 
    insert 
    into
        bookings
        (addons_total,confirmed_at,created_at,end_time,experience_id,experience_name,experience_slug,failure_reason,grand_total,guest_count,location_id,location_name,pincode,pricing_level,requested_at,resolved_price_per_person,start_time,status,time_slot_id,time_slot_label,time_slot_mapper_id,total_amount,updated_at,user_email,user_full_name,user_id,booking_id) 
    values
        (?,?,?,?,?,?,?,?,?,?,?,?,?,?,?,?,?,?,?,?,?,?,?,?,?,?,?)
2026-03-01 22:19:09.116 [org.springframework.kafka.KafkaListenerEndpointContainer#0-0-C-1] [39mDEBUG[0;39m [36morg.hibernate.SQL[0;39m - 
    select
        b1_0.booking_id 
    from
        bookings b1_0 
    where
        b1_0.booking_id=? 
    fetch
        first ? rows only
2026-03-01 22:19:09.119 [org.springframework.kafka.KafkaListenerEndpointContainer#0-0-C-1] [39mDEBUG[0;39m [36morg.hibernate.SQL[0;39m - 
    select
        b1_0.booking_id,
        b1_0.addons_total,
        b1_0.confirmed_at,
        b1_0.created_at,
        b1_0.end_time,
        b1_0.experience_id,
        b1_0.experience_name,
        b1_0.experience_slug,
        b1_0.failure_reason,
        b1_0.grand_total,
        b1_0.guest_count,
        b1_0.location_id,
        b1_0.location_name,
        b1_0.pincode,
        b1_0.pricing_level,
        b1_0.requested_at,
        b1_0.resolved_price_per_person,
        b1_0.start_time,
        b1_0.status,
        b1_0.time_slot_id,
        b1_0.time_slot_label,
        b1_0.time_slot_mapper_id,
        b1_0.total_amount,
        b1_0.updated_at,
        b1_0.user_email,
        b1_0.user_full_name,
        b1_0.user_id,
        a1_0.booking_id,
        a1_0.id,
        a1_0.addon_mapper_id,
        a1_0.addon_name,
        a1_0.effective_price,
        a1_0.is_free 
    from
        bookings b1_0 
    left join
        booking_addons a1_0 
            on b1_0.booking_id=a1_0.booking_id 
    where
        b1_0.booking_id=?
2026-03-01 22:19:09.127 [org.springframework.kafka.KafkaListenerEndpointContainer#0-0-C-1] [39mDEBUG[0;39m [36morg.hibernate.SQL[0;39m - 
    insert 
    into
        bookings
        (addons_total,confirmed_at,created_at,end_time,experience_id,experience_name,experience_slug,failure_reason,grand_total,guest_count,location_id,location_name,pincode,pricing_level,requested_at,resolved_price_per_person,start_time,status,time_slot_id,time_slot_label,time_slot_mapper_id,total_amount,updated_at,user_email,user_full_name,user_id,booking_id) 
    values
        (?,?,?,?,?,?,?,?,?,?,?,?,?,?,?,?,?,?,?,?,?,?,?,?,?,?,?)
